<html>
<body>
<pre>
<h1>µVision Build Log</h1>
<h2>Tool Versions:</h2>
IDE-Version: µVision V5.36.0.0
Copyright (C) 2021 ARM Ltd and ARM Germany GmbH. All rights reserved.
License Information: Muhammad Anwar, San Francisco State University, LIC=----
 
Tool Versions:
Toolchain:       MDK-Lite  Version: 5.36.0.0
Toolchain Path:  C:\Keil_v5\ARM\ARMCC\Bin
C Compiler:      Armcc.exe V5.06 update 7 (build 960)
Assembler:       Armasm.exe V5.06 update 7 (build 960)
Linker/Locator:  ArmLink.exe V5.06 update 7 (build 960)
Library Manager: ArmAr.exe V5.06 update 7 (build 960)
Hex Converter:   FromElf.exe V5.06 update 7 (build 960)
CPU DLL:         SARMCM3.DLL V5.36.0.0
Dialog DLL:      DCM.DLL V1.17.3.0
Target DLL:      lmidk-agdi.dll V???
Dialog DLL:      TCM.DLL V1.53.0.0
 
<h2>Project:</h2>
C:\ti\TivaWare_C_Series-2.2.0.295\examples\boards\ek-tm4c123gxl\UART_Test\UART_Test.uvproj
Project File Date:  05/19/2022

<h2>Output:</h2>
*** Using Compiler 'V5.06 update 7 (build 960)', folder: 'C:\Keil_v5\ARM\ARMCC\Bin'
Rebuild target 'Target 1'
assembling startup_rvmdk.S...
compiling UART_Test.c...
GameBoard.h(2287): warning:  #1-D: last line of file ends without a newline
  #endif /* GAME_BOARD */
WinnerCheck.h(600): warning:  #1-D: last line of file ends without a newline
  #endif /* WINNER_CHECK */
UART_Test.c(216): warning:  #128-D: loop is not reachable
  	while(1){
UART_Test.c(223): warning:  #1-D: last line of file ends without a newline
  		
UART_Test.c: 4 warnings, 0 errors
linking...
Program Size: Code=29156 RO-data=1180 RW-data=208 ZI-data=688  
".\Objects\UART_Test.axf" - 0 Error(s), 4 Warning(s).
Build Time Elapsed:  00:00:01
</pre>
</body>
</html>
